Archive member included because of file (symbol)

/opt/cross/avr/lib/gcc/avr/4.8.3/avrxmega6/libgcc.a(_mulsidi3.o)
                              ./fixedpoint/fixed_func.o (__mulsidi3)
/opt/cross/avr/lib/gcc/avr/4.8.3/avrxmega6/libgcc.a(_umulsidi3.o)
                              /opt/cross/avr/lib/gcc/avr/4.8.3/avrxmega6/libgcc.a(_mulsidi3.o) (__umulsidi3_helper)
/opt/cross/avr/lib/gcc/avr/4.8.3/avrxmega6/libgcc.a(_exit.o)
                              /opt/cross/avr/lib/gcc/avr/4.8.3/../../../../avr/lib/avrxmega6/crtx128a3.o (exit)
/opt/cross/avr/lib/gcc/avr/4.8.3/avrxmega6/libgcc.a(_copy_data.o)
                              ./fixedpoint/fixed_func.o (__do_copy_data)
/opt/cross/avr/lib/gcc/avr/4.8.3/avrxmega6/libgcc.a(_clear_bss.o)
                              ./fixedpoint/fixed_func.o (__do_clear_bss)
/opt/cross/avr/lib/gcc/avr/4.8.3/avrxmega6/libgcc.a(_ctors.o)
                              ./fixedpoint/fixed_func.o (__do_global_ctors)
/opt/cross/avr/lib/gcc/avr/4.8.3/avrxmega6/libgcc.a(_ashldi3.o)
                              ./fixedpoint/fixed_func.o (__ashldi3)
/opt/cross/avr/lib/gcc/avr/4.8.3/avrxmega6/libgcc.a(_ashrdi3.o)
                              ./fixedpoint/fixed_func.o (__ashrdi3)
/opt/cross/avr/lib/gcc/avr/4.8.3/avrxmega6/libgcc.a(_subdi3.o)
                              ./fixedpoint/fixed_func.o (__subdi3)
/opt/cross/avr/lib/gcc/avr/4.8.3/avrxmega6/libgcc.a(_umulhisi3.o)
                              /opt/cross/avr/lib/gcc/avr/4.8.3/avrxmega6/libgcc.a(_umulsidi3.o) (__umulhisi3)
/opt/cross/avr/lib/gcc/avr/4.8.3/avrxmega6/libgcc.a(_muldi3_6.o)
                              /opt/cross/avr/lib/gcc/avr/4.8.3/avrxmega6/libgcc.a(_umulsidi3.o) (__muldi3_6)
/opt/cross/avr/lib/gcc/avr/4.8.3/avrxmega6/libgcc.a(_tablejump_elpm.o)
                              /opt/cross/avr/lib/gcc/avr/4.8.3/avrxmega6/libgcc.a(_ctors.o) (__tablejump_elpm__)
/opt/cross/avr/lib/gcc/avr/4.8.3/../../../../avr/lib/avrxmega6/libc.a(malloc.o)
                              ./new.o (malloc)

Allocating common symbols
Common symbol       size              file

__brkval            0x2               /opt/cross/avr/lib/gcc/avr/4.8.3/../../../../avr/lib/avrxmega6/libc.a(malloc.o)
__flp               0x2               /opt/cross/avr/lib/gcc/avr/4.8.3/../../../../avr/lib/avrxmega6/libc.a(malloc.o)

Discarded input sections

 .bss           0x0000000000000000        0x0 /opt/cross/avr/lib/gcc/avr/4.8.3/../../../../avr/lib/avrxmega6/crtx128a3.o
 .group         0x0000000000000000        0x8 ./fixedpoint/fixed_func.o
 .group         0x0000000000000000        0x8 ./fixedpoint/fixed_func.o
 .group         0x0000000000000000        0x8 ./fixedpoint/fixed_func.o
 .text          0x0000000000000000        0x0 ./fixedpoint/fixed_func.o
 .bss           0x0000000000000000        0x0 ./fixedpoint/fixed_func.o
 .text._ZN10fixedpoint6detail17CountLeadingZerosEm
                0x0000000000000000       0xc8 ./fixedpoint/fixed_func.o
 .text._ZN10fixedpoint8fixcos16El
                0x0000000000000000       0x2e ./fixedpoint/fixed_func.o
 .text._ZN10fixedpoint8fixsin16El
                0x0000000000000000       0x2e ./fixedpoint/fixed_func.o
 .text._ZN10fixedpoint10fixrsqrt16El
                0x0000000000000000      0x20c ./fixedpoint/fixed_func.o
 .text._ZN10fixedpoint6fixinvILi16EEEil
                0x0000000000000000      0x18e ./fixedpoint/fixed_func.o
 .text._ZN10fixedpoint9fixsqrt16El
                0x0000000000000000       0xe0 ./fixedpoint/fixed_func.o
 .rodata._ZZN10fixedpoint6fixinvILi16EEEilE7rcp_tab
                0x0000000000000000       0x10 ./fixedpoint/fixed_func.o
 .rodata._ZZN10fixedpoint10fixrsqrt16ElE7rsq_tab
                0x0000000000000000       0x10 ./fixedpoint/fixed_func.o
 .text          0x0000000000000000        0x0 ./main.o
 .bss           0x0000000000000000        0x0 ./main.o
 .text          0x0000000000000000        0x0 ./new.o
 .bss           0x0000000000000000        0x0 ./new.o
 .text._Znaj    0x0000000000000000        0x4 ./new.o
 .text._ZdaPv   0x0000000000000000        0x4 ./new.o
 .text.__cxa_guard_acquire
                0x0000000000000000       0x12 ./new.o
 .text.__cxa_guard_release
                0x0000000000000000        0x8 ./new.o
 .text.__cxa_guard_abort
                0x0000000000000000        0x2 ./new.o
 .text.__cxa_pure_virtual
                0x0000000000000000        0x2 ./new.o
 .text          0x0000000000000000        0x0 /opt/cross/avr/lib/gcc/avr/4.8.3/avrxmega6/libgcc.a(_mulsidi3.o)
 .bss           0x0000000000000000        0x0 /opt/cross/avr/lib/gcc/avr/4.8.3/avrxmega6/libgcc.a(_mulsidi3.o)
 .text.libgcc.mul
                0x0000000000000000       0x1e /opt/cross/avr/lib/gcc/avr/4.8.3/avrxmega6/libgcc.a(_mulsidi3.o)
 .text.libgcc.div
                0x0000000000000000        0x0 /opt/cross/avr/lib/gcc/avr/4.8.3/avrxmega6/libgcc.a(_mulsidi3.o)
 .text.libgcc   0x0000000000000000        0x0 /opt/cross/avr/lib/gcc/avr/4.8.3/avrxmega6/libgcc.a(_mulsidi3.o)
 .text.libgcc.prologue
                0x0000000000000000        0x0 /opt/cross/avr/lib/gcc/avr/4.8.3/avrxmega6/libgcc.a(_mulsidi3.o)
 .text.libgcc.builtins
                0x0000000000000000        0x0 /opt/cross/avr/lib/gcc/avr/4.8.3/avrxmega6/libgcc.a(_mulsidi3.o)
 .text.libgcc.fmul
                0x0000000000000000        0x0 /opt/cross/avr/lib/gcc/avr/4.8.3/avrxmega6/libgcc.a(_mulsidi3.o)
 .text.libgcc.fixed
                0x0000000000000000        0x0 /opt/cross/avr/lib/gcc/avr/4.8.3/avrxmega6/libgcc.a(_mulsidi3.o)
 .text          0x0000000000000000        0x0 /opt/cross/avr/lib/gcc/avr/4.8.3/avrxmega6/libgcc.a(_umulsidi3.o)
 .bss           0x0000000000000000        0x0 /opt/cross/avr/lib/gcc/avr/4.8.3/avrxmega6/libgcc.a(_umulsidi3.o)
 .text.libgcc.mul
                0x0000000000000000       0x56 /opt/cross/avr/lib/gcc/avr/4.8.3/avrxmega6/libgcc.a(_umulsidi3.o)
 .text.libgcc.div
                0x0000000000000000        0x0 /opt/cross/avr/lib/gcc/avr/4.8.3/avrxmega6/libgcc.a(_umulsidi3.o)
 .text.libgcc   0x0000000000000000        0x0 /opt/cross/avr/lib/gcc/avr/4.8.3/avrxmega6/libgcc.a(_umulsidi3.o)
 .text.libgcc.prologue
                0x0000000000000000        0x0 /opt/cross/avr/lib/gcc/avr/4.8.3/avrxmega6/libgcc.a(_umulsidi3.o)
 .text.libgcc.builtins
                0x0000000000000000        0x0 /opt/cross/avr/lib/gcc/avr/4.8.3/avrxmega6/libgcc.a(_umulsidi3.o)
 .text.libgcc.fmul
                0x0000000000000000        0x0 /opt/cross/avr/lib/gcc/avr/4.8.3/avrxmega6/libgcc.a(_umulsidi3.o)
 .text.libgcc.fixed
                0x0000000000000000        0x0 /opt/cross/avr/lib/gcc/avr/4.8.3/avrxmega6/libgcc.a(_umulsidi3.o)
 .text          0x0000000000000000        0x0 /opt/cross/avr/lib/gcc/avr/4.8.3/avrxmega6/libgcc.a(_exit.o)
 .bss           0x0000000000000000        0x0 /opt/cross/avr/lib/gcc/avr/4.8.3/avrxmega6/libgcc.a(_exit.o)
 .text.libgcc.mul
                0x0000000000000000        0x0 /opt/cross/avr/lib/gcc/avr/4.8.3/avrxmega6/libgcc.a(_exit.o)
 .text.libgcc.div
                0x0000000000000000        0x0 /opt/cross/avr/lib/gcc/avr/4.8.3/avrxmega6/libgcc.a(_exit.o)
 .text.libgcc   0x0000000000000000        0x0 /opt/cross/avr/lib/gcc/avr/4.8.3/avrxmega6/libgcc.a(_exit.o)
 .text.libgcc.prologue
                0x0000000000000000        0x0 /opt/cross/avr/lib/gcc/avr/4.8.3/avrxmega6/libgcc.a(_exit.o)
 .text.libgcc.builtins
                0x0000000000000000        0x0 /opt/cross/avr/lib/gcc/avr/4.8.3/avrxmega6/libgcc.a(_exit.o)
 .text.libgcc.fmul
                0x0000000000000000        0x0 /opt/cross/avr/lib/gcc/avr/4.8.3/avrxmega6/libgcc.a(_exit.o)
 .text.libgcc.fixed
                0x0000000000000000        0x0 /opt/cross/avr/lib/gcc/avr/4.8.3/avrxmega6/libgcc.a(_exit.o)
 .text          0x0000000000000000        0x0 /opt/cross/avr/lib/gcc/avr/4.8.3/avrxmega6/libgcc.a(_copy_data.o)
 .bss           0x0000000000000000        0x0 /opt/cross/avr/lib/gcc/avr/4.8.3/avrxmega6/libgcc.a(_copy_data.o)
 .text.libgcc.mul
                0x0000000000000000        0x0 /opt/cross/avr/lib/gcc/avr/4.8.3/avrxmega6/libgcc.a(_copy_data.o)
 .text.libgcc.div
                0x0000000000000000        0x0 /opt/cross/avr/lib/gcc/avr/4.8.3/avrxmega6/libgcc.a(_copy_data.o)
 .text.libgcc   0x0000000000000000        0x0 /opt/cross/avr/lib/gcc/avr/4.8.3/avrxmega6/libgcc.a(_copy_data.o)
 .text.libgcc.prologue
                0x0000000000000000        0x0 /opt/cross/avr/lib/gcc/avr/4.8.3/avrxmega6/libgcc.a(_copy_data.o)
 .text.libgcc.builtins
                0x0000000000000000        0x0 /opt/cross/avr/lib/gcc/avr/4.8.3/avrxmega6/libgcc.a(_copy_data.o)
 .text.libgcc.fmul
                0x0000000000000000        0x0 /opt/cross/avr/lib/gcc/avr/4.8.3/avrxmega6/libgcc.a(_copy_data.o)
 .text.libgcc.fixed
                0x0000000000000000        0x0 /opt/cross/avr/lib/gcc/avr/4.8.3/avrxmega6/libgcc.a(_copy_data.o)
 .text          0x0000000000000000        0x0 /opt/cross/avr/lib/gcc/avr/4.8.3/avrxmega6/libgcc.a(_clear_bss.o)
 .bss           0x0000000000000000        0x0 /opt/cross/avr/lib/gcc/avr/4.8.3/avrxmega6/libgcc.a(_clear_bss.o)
 .text.libgcc.mul
                0x0000000000000000        0x0 /opt/cross/avr/lib/gcc/avr/4.8.3/avrxmega6/libgcc.a(_clear_bss.o)
 .text.libgcc.div
                0x0000000000000000        0x0 /opt/cross/avr/lib/gcc/avr/4.8.3/avrxmega6/libgcc.a(_clear_bss.o)
 .text.libgcc   0x0000000000000000        0x0 /opt/cross/avr/lib/gcc/avr/4.8.3/avrxmega6/libgcc.a(_clear_bss.o)
 .text.libgcc.prologue
                0x0000000000000000        0x0 /opt/cross/avr/lib/gcc/avr/4.8.3/avrxmega6/libgcc.a(_clear_bss.o)
 .text.libgcc.builtins
                0x0000000000000000        0x0 /opt/cross/avr/lib/gcc/avr/4.8.3/avrxmega6/libgcc.a(_clear_bss.o)
 .text.libgcc.fmul
                0x0000000000000000        0x0 /opt/cross/avr/lib/gcc/avr/4.8.3/avrxmega6/libgcc.a(_clear_bss.o)
 .text.libgcc.fixed
                0x0000000000000000        0x0 /opt/cross/avr/lib/gcc/avr/4.8.3/avrxmega6/libgcc.a(_clear_bss.o)
 .text          0x0000000000000000        0x0 /opt/cross/avr/lib/gcc/avr/4.8.3/avrxmega6/libgcc.a(_ctors.o)
 .bss           0x0000000000000000        0x0 /opt/cross/avr/lib/gcc/avr/4.8.3/avrxmega6/libgcc.a(_ctors.o)
 .text.libgcc.mul
                0x0000000000000000        0x0 /opt/cross/avr/lib/gcc/avr/4.8.3/avrxmega6/libgcc.a(_ctors.o)
 .text.libgcc.div
                0x0000000000000000        0x0 /opt/cross/avr/lib/gcc/avr/4.8.3/avrxmega6/libgcc.a(_ctors.o)
 .text.libgcc   0x0000000000000000        0x0 /opt/cross/avr/lib/gcc/avr/4.8.3/avrxmega6/libgcc.a(_ctors.o)
 .text.libgcc.prologue
                0x0000000000000000        0x0 /opt/cross/avr/lib/gcc/avr/4.8.3/avrxmega6/libgcc.a(_ctors.o)
 .text.libgcc.builtins
                0x0000000000000000        0x0 /opt/cross/avr/lib/gcc/avr/4.8.3/avrxmega6/libgcc.a(_ctors.o)
 .text.libgcc.fmul
                0x0000000000000000        0x0 /opt/cross/avr/lib/gcc/avr/4.8.3/avrxmega6/libgcc.a(_ctors.o)
 .text.libgcc.fixed
                0x0000000000000000        0x0 /opt/cross/avr/lib/gcc/avr/4.8.3/avrxmega6/libgcc.a(_ctors.o)
 .text          0x0000000000000000        0x0 /opt/cross/avr/lib/gcc/avr/4.8.3/avrxmega6/libgcc.a(_ashldi3.o)
 .bss           0x0000000000000000        0x0 /opt/cross/avr/lib/gcc/avr/4.8.3/avrxmega6/libgcc.a(_ashldi3.o)
 .text.libgcc.mul
                0x0000000000000000        0x0 /opt/cross/avr/lib/gcc/avr/4.8.3/avrxmega6/libgcc.a(_ashldi3.o)
 .text.libgcc.div
                0x0000000000000000        0x0 /opt/cross/avr/lib/gcc/avr/4.8.3/avrxmega6/libgcc.a(_ashldi3.o)
 .text.libgcc   0x0000000000000000        0x0 /opt/cross/avr/lib/gcc/avr/4.8.3/avrxmega6/libgcc.a(_ashldi3.o)
 .text.libgcc.prologue
                0x0000000000000000        0x0 /opt/cross/avr/lib/gcc/avr/4.8.3/avrxmega6/libgcc.a(_ashldi3.o)
 .text.libgcc.builtins
                0x0000000000000000       0x32 /opt/cross/avr/lib/gcc/avr/4.8.3/avrxmega6/libgcc.a(_ashldi3.o)
 .text.libgcc.fmul
                0x0000000000000000        0x0 /opt/cross/avr/lib/gcc/avr/4.8.3/avrxmega6/libgcc.a(_ashldi3.o)
 .text.libgcc.fixed
                0x0000000000000000        0x0 /opt/cross/avr/lib/gcc/avr/4.8.3/avrxmega6/libgcc.a(_ashldi3.o)
 .text          0x0000000000000000        0x0 /opt/cross/avr/lib/gcc/avr/4.8.3/avrxmega6/libgcc.a(_ashrdi3.o)
 .bss           0x0000000000000000        0x0 /opt/cross/avr/lib/gcc/avr/4.8.3/avrxmega6/libgcc.a(_ashrdi3.o)
 .text.libgcc.mul
                0x0000000000000000        0x0 /opt/cross/avr/lib/gcc/avr/4.8.3/avrxmega6/libgcc.a(_ashrdi3.o)
 .text.libgcc.div
                0x0000000000000000        0x0 /opt/cross/avr/lib/gcc/avr/4.8.3/avrxmega6/libgcc.a(_ashrdi3.o)
 .text.libgcc   0x0000000000000000        0x0 /opt/cross/avr/lib/gcc/avr/4.8.3/avrxmega6/libgcc.a(_ashrdi3.o)
 .text.libgcc.prologue
                0x0000000000000000        0x0 /opt/cross/avr/lib/gcc/avr/4.8.3/avrxmega6/libgcc.a(_ashrdi3.o)
 .text.libgcc.builtins
                0x0000000000000000       0x3c /opt/cross/avr/lib/gcc/avr/4.8.3/avrxmega6/libgcc.a(_ashrdi3.o)
 .text.libgcc.fmul
                0x0000000000000000        0x0 /opt/cross/avr/lib/gcc/avr/4.8.3/avrxmega6/libgcc.a(_ashrdi3.o)
 .text.libgcc.fixed
                0x0000000000000000        0x0 /opt/cross/avr/lib/gcc/avr/4.8.3/avrxmega6/libgcc.a(_ashrdi3.o)
 .text          0x0000000000000000        0x0 /opt/cross/avr/lib/gcc/avr/4.8.3/avrxmega6/libgcc.a(_subdi3.o)
 .bss           0x0000000000000000        0x0 /opt/cross/avr/lib/gcc/avr/4.8.3/avrxmega6/libgcc.a(_subdi3.o)
 .text.libgcc.mul
                0x0000000000000000        0x0 /opt/cross/avr/lib/gcc/avr/4.8.3/avrxmega6/libgcc.a(_subdi3.o)
 .text.libgcc.div
                0x0000000000000000        0x0 /opt/cross/avr/lib/gcc/avr/4.8.3/avrxmega6/libgcc.a(_subdi3.o)
 .text.libgcc   0x0000000000000000       0x12 /opt/cross/avr/lib/gcc/avr/4.8.3/avrxmega6/libgcc.a(_subdi3.o)
 .text.libgcc.prologue
                0x0000000000000000        0x0 /opt/cross/avr/lib/gcc/avr/4.8.3/avrxmega6/libgcc.a(_subdi3.o)
 .text.libgcc.builtins
                0x0000000000000000        0x0 /opt/cross/avr/lib/gcc/avr/4.8.3/avrxmega6/libgcc.a(_subdi3.o)
 .text.libgcc.fmul
                0x0000000000000000        0x0 /opt/cross/avr/lib/gcc/avr/4.8.3/avrxmega6/libgcc.a(_subdi3.o)
 .text.libgcc.fixed
                0x0000000000000000        0x0 /opt/cross/avr/lib/gcc/avr/4.8.3/avrxmega6/libgcc.a(_subdi3.o)
 .text          0x0000000000000000        0x0 /opt/cross/avr/lib/gcc/avr/4.8.3/avrxmega6/libgcc.a(_umulhisi3.o)
 .bss           0x0000000000000000        0x0 /opt/cross/avr/lib/gcc/avr/4.8.3/avrxmega6/libgcc.a(_umulhisi3.o)
 .text.libgcc.mul
                0x0000000000000000       0x1e /opt/cross/avr/lib/gcc/avr/4.8.3/avrxmega6/libgcc.a(_umulhisi3.o)
 .text.libgcc.div
                0x0000000000000000        0x0 /opt/cross/avr/lib/gcc/avr/4.8.3/avrxmega6/libgcc.a(_umulhisi3.o)
 .text.libgcc   0x0000000000000000        0x0 /opt/cross/avr/lib/gcc/avr/4.8.3/avrxmega6/libgcc.a(_umulhisi3.o)
 .text.libgcc.prologue
                0x0000000000000000        0x0 /opt/cross/avr/lib/gcc/avr/4.8.3/avrxmega6/libgcc.a(_umulhisi3.o)
 .text.libgcc.builtins
                0x0000000000000000        0x0 /opt/cross/avr/lib/gcc/avr/4.8.3/avrxmega6/libgcc.a(_umulhisi3.o)
 .text.libgcc.fmul
                0x0000000000000000        0x0 /opt/cross/avr/lib/gcc/avr/4.8.3/avrxmega6/libgcc.a(_umulhisi3.o)
 .text.libgcc.fixed
                0x0000000000000000        0x0 /opt/cross/avr/lib/gcc/avr/4.8.3/avrxmega6/libgcc.a(_umulhisi3.o)
 .text          0x0000000000000000        0x0 /opt/cross/avr/lib/gcc/avr/4.8.3/avrxmega6/libgcc.a(_muldi3_6.o)
 .bss           0x0000000000000000        0x0 /opt/cross/avr/lib/gcc/avr/4.8.3/avrxmega6/libgcc.a(_muldi3_6.o)
 .text.libgcc.mul
                0x0000000000000000       0x12 /opt/cross/avr/lib/gcc/avr/4.8.3/avrxmega6/libgcc.a(_muldi3_6.o)
 .text.libgcc.div
                0x0000000000000000        0x0 /opt/cross/avr/lib/gcc/avr/4.8.3/avrxmega6/libgcc.a(_muldi3_6.o)
 .text.libgcc   0x0000000000000000        0x0 /opt/cross/avr/lib/gcc/avr/4.8.3/avrxmega6/libgcc.a(_muldi3_6.o)
 .text.libgcc.prologue
                0x0000000000000000        0x0 /opt/cross/avr/lib/gcc/avr/4.8.3/avrxmega6/libgcc.a(_muldi3_6.o)
 .text.libgcc.builtins
                0x0000000000000000        0x0 /opt/cross/avr/lib/gcc/avr/4.8.3/avrxmega6/libgcc.a(_muldi3_6.o)
 .text.libgcc.fmul
                0x0000000000000000        0x0 /opt/cross/avr/lib/gcc/avr/4.8.3/avrxmega6/libgcc.a(_muldi3_6.o)
 .text.libgcc.fixed
                0x0000000000000000        0x0 /opt/cross/avr/lib/gcc/avr/4.8.3/avrxmega6/libgcc.a(_muldi3_6.o)
 .text          0x0000000000000000        0x0 /opt/cross/avr/lib/gcc/avr/4.8.3/avrxmega6/libgcc.a(_tablejump_elpm.o)
 .bss           0x0000000000000000        0x0 /opt/cross/avr/lib/gcc/avr/4.8.3/avrxmega6/libgcc.a(_tablejump_elpm.o)
 .text.libgcc.mul
                0x0000000000000000        0x0 /opt/cross/avr/lib/gcc/avr/4.8.3/avrxmega6/libgcc.a(_tablejump_elpm.o)
 .text.libgcc.div
                0x0000000000000000        0x0 /opt/cross/avr/lib/gcc/avr/4.8.3/avrxmega6/libgcc.a(_tablejump_elpm.o)
 .text.libgcc.prologue
                0x0000000000000000        0x0 /opt/cross/avr/lib/gcc/avr/4.8.3/avrxmega6/libgcc.a(_tablejump_elpm.o)
 .text.libgcc.builtins
                0x0000000000000000        0x0 /opt/cross/avr/lib/gcc/avr/4.8.3/avrxmega6/libgcc.a(_tablejump_elpm.o)
 .text.libgcc.fmul
                0x0000000000000000        0x0 /opt/cross/avr/lib/gcc/avr/4.8.3/avrxmega6/libgcc.a(_tablejump_elpm.o)
 .text.libgcc.fixed
                0x0000000000000000        0x0 /opt/cross/avr/lib/gcc/avr/4.8.3/avrxmega6/libgcc.a(_tablejump_elpm.o)
 .text          0x0000000000000000        0x0 /opt/cross/avr/lib/gcc/avr/4.8.3/../../../../avr/lib/avrxmega6/libc.a(malloc.o)
 .bss           0x0000000000000000        0x0 /opt/cross/avr/lib/gcc/avr/4.8.3/../../../../avr/lib/avrxmega6/libc.a(malloc.o)

Memory Configuration

Name             Origin             Length             Attributes
text             0x0000000000000000 0x0000000000100000 xr
data             0x0000000000802000 0x000000000000ffa0 rw !x
eeprom           0x0000000000810000 0x0000000000010000 rw !x
fuse             0x0000000000820000 0x0000000000000400 rw !x
lock             0x0000000000830000 0x0000000000000400 rw !x
signature        0x0000000000840000 0x0000000000000400 rw !x
*default*        0x0000000000000000 0xffffffffffffffff

Linker script and memory map

LOAD /opt/cross/avr/lib/gcc/avr/4.8.3/../../../../avr/lib/avrxmega6/crtx128a3.o
LOAD ./fixedpoint/fixed_func.o
LOAD ./main.o
LOAD ./new.o
LOAD /opt/cross/avr/lib/gcc/avr/4.8.3/avrxmega6/libgcc.a
LOAD /opt/cross/avr/lib/gcc/avr/4.8.3/../../../../avr/lib/avrxmega6/libm.a
START GROUP
LOAD /opt/cross/avr/lib/gcc/avr/4.8.3/avrxmega6/libgcc.a
LOAD /opt/cross/avr/lib/gcc/avr/4.8.3/../../../../avr/lib/avrxmega6/libm.a
LOAD /opt/cross/avr/lib/gcc/avr/4.8.3/../../../../avr/lib/avrxmega6/libc.a
END GROUP

.hash
 *(.hash)

.dynsym
 *(.dynsym)

.dynstr
 *(.dynstr)

.gnu.version
 *(.gnu.version)

.gnu.version_d
 *(.gnu.version_d)

.gnu.version_r
 *(.gnu.version_r)

.rel.init
 *(.rel.init)

.rela.init
 *(.rela.init)

.rel.text
 *(.rel.text)
 *(.rel.text.*)
 *(.rel.gnu.linkonce.t*)

.rela.text
 *(.rela.text)
 *(.rela.text.*)
 *(.rela.gnu.linkonce.t*)

.rel.fini
 *(.rel.fini)

.rela.fini
 *(.rela.fini)

.rel.rodata
 *(.rel.rodata)
 *(.rel.rodata.*)
 *(.rel.gnu.linkonce.r*)

.rela.rodata
 *(.rela.rodata)
 *(.rela.rodata.*)
 *(.rela.gnu.linkonce.r*)

.rel.data
 *(.rel.data)
 *(.rel.data.*)
 *(.rel.gnu.linkonce.d*)

.rela.data
 *(.rela.data)
 *(.rela.data.*)
 *(.rela.gnu.linkonce.d*)

.rel.ctors
 *(.rel.ctors)

.rela.ctors
 *(.rela.ctors)

.rel.dtors
 *(.rel.dtors)

.rela.dtors
 *(.rela.dtors)

.rel.got
 *(.rel.got)

.rela.got
 *(.rela.got)

.rel.bss
 *(.rel.bss)

.rela.bss
 *(.rela.bss)

.rel.plt
 *(.rel.plt)

.rela.plt
 *(.rela.plt)

.text           0x0000000000000000      0x56a
 *(.vectors)
 .vectors       0x0000000000000000      0x1e8 /opt/cross/avr/lib/gcc/avr/4.8.3/../../../../avr/lib/avrxmega6/crtx128a3.o
                0x0000000000000000                __vectors
                0x0000000000000000                __vector_default
 *(.vectors)
 *(.progmem.gcc*)
                0x00000000000001e8                . = ALIGN (0x2)
                0x00000000000001e8                __trampolines_start = .
 *(.trampolines)
 .trampolines   0x00000000000001e8        0x0 linker stubs
 *(.trampolines*)
                0x00000000000001e8                __trampolines_end = .
 *(.progmem*)
                0x00000000000001e8                . = ALIGN (0x2)
 *(.jumptables)
 *(.jumptables*)
 *(.lowtext)
 *(.lowtext*)
                0x00000000000001e8                __ctors_start = .
 *(.ctors)
 .ctors         0x00000000000001e8        0x2 ./fixedpoint/fixed_func.o
                0x00000000000001ea                __ctors_end = .
                0x00000000000001ea                __dtors_start = .
 *(.dtors)
                0x00000000000001ea                __dtors_end = .
 SORT(*)(.ctors)
 SORT(*)(.dtors)
 *(.init0)
 .init0         0x00000000000001ea        0x0 /opt/cross/avr/lib/gcc/avr/4.8.3/../../../../avr/lib/avrxmega6/crtx128a3.o
                0x00000000000001ea                __init
 *(.init0)
 *(.init1)
 *(.init1)
 *(.init2)
 .init2         0x00000000000001ea       0x10 /opt/cross/avr/lib/gcc/avr/4.8.3/../../../../avr/lib/avrxmega6/crtx128a3.o
 *(.init2)
 *(.init3)
 *(.init3)
 *(.init4)
 .init4         0x00000000000001fa       0x1a /opt/cross/avr/lib/gcc/avr/4.8.3/avrxmega6/libgcc.a(_copy_data.o)
                0x00000000000001fa                __do_copy_data
 .init4         0x0000000000000214       0x10 /opt/cross/avr/lib/gcc/avr/4.8.3/avrxmega6/libgcc.a(_clear_bss.o)
                0x0000000000000214                __do_clear_bss
 *(.init4)
 *(.init5)
 *(.init5)
 *(.init6)
 .init6         0x0000000000000224       0x1e /opt/cross/avr/lib/gcc/avr/4.8.3/avrxmega6/libgcc.a(_ctors.o)
                0x0000000000000224                __do_global_ctors
 *(.init6)
 *(.init7)
 *(.init7)
 *(.init8)
 *(.init8)
 *(.init9)
 .init9         0x0000000000000242        0x4 /opt/cross/avr/lib/gcc/avr/4.8.3/../../../../avr/lib/avrxmega6/crtx128a3.o
 *(.init9)
 *(.text)
 .text          0x0000000000000246        0x2 /opt/cross/avr/lib/gcc/avr/4.8.3/../../../../avr/lib/avrxmega6/crtx128a3.o
                0x0000000000000246                __vector_38
                0x0000000000000246                __vector_104
                0x0000000000000246                __vector_22
                0x0000000000000246                __vector_63
                0x0000000000000246                __vector_28
                0x0000000000000246                __vector_67
                0x0000000000000246                __vector_119
                0x0000000000000246                __vector_32
                0x0000000000000246                __vector_75
                0x0000000000000246                __vector_71
                0x0000000000000246                __vector_91
                0x0000000000000246                __vector_34
                0x0000000000000246                __vector_62
                0x0000000000000246                __vector_77
                0x0000000000000246                __vector_102
                0x0000000000000246                __vector_24
                0x0000000000000246                __vector_12
                0x0000000000000246                __vector_55
                0x0000000000000246                __vector_69
                0x0000000000000246                __vector_81
                0x0000000000000246                __vector_90
                0x0000000000000246                __vector_46
                0x0000000000000246                __bad_interrupt
                0x0000000000000246                __vector_72
                0x0000000000000246                __vector_114
                0x0000000000000246                __vector_6
                0x0000000000000246                __vector_110
                0x0000000000000246                __vector_31
                0x0000000000000246                __vector_92
                0x0000000000000246                __vector_35
                0x0000000000000246                __vector_78
                0x0000000000000246                __vector_74
                0x0000000000000246                __vector_117
                0x0000000000000246                __vector_39
                0x0000000000000246                __vector_107
                0x0000000000000246                __vector_3
                0x0000000000000246                __vector_105
                0x0000000000000246                __vector_98
                0x0000000000000246                __vector_23
                0x0000000000000246                __vector_68
                0x0000000000000246                __vector_30
                0x0000000000000246                __vector_73
                0x0000000000000246                __vector_45
                0x0000000000000246                __vector_25
                0x0000000000000246                __vector_93
                0x0000000000000246                __vector_61
                0x0000000000000246                __vector_11
                0x0000000000000246                __vector_54
                0x0000000000000246                __vector_99
                0x0000000000000246                __vector_13
                0x0000000000000246                __vector_17
                0x0000000000000246                __vector_19
                0x0000000000000246                __vector_56
                0x0000000000000246                __vector_7
                0x0000000000000246                __vector_49
                0x0000000000000246                __vector_41
                0x0000000000000246                __vector_86
                0x0000000000000246                __vector_100
                0x0000000000000246                __vector_101
                0x0000000000000246                __vector_64
                0x0000000000000246                __vector_88
                0x0000000000000246                __vector_109
                0x0000000000000246                __vector_43
                0x0000000000000246                __vector_27
                0x0000000000000246                __vector_5
                0x0000000000000246                __vector_113
                0x0000000000000246                __vector_33
                0x0000000000000246                __vector_76
                0x0000000000000246                __vector_115
                0x0000000000000246                __vector_47
                0x0000000000000246                __vector_52
                0x0000000000000246                __vector_37
                0x0000000000000246                __vector_95
                0x0000000000000246                __vector_103
                0x0000000000000246                __vector_96
                0x0000000000000246                __vector_89
                0x0000000000000246                __vector_108
                0x0000000000000246                __vector_4
                0x0000000000000246                __vector_44
                0x0000000000000246                __vector_82
                0x0000000000000246                __vector_106
                0x0000000000000246                __vector_118
                0x0000000000000246                __vector_51
                0x0000000000000246                __vector_9
                0x0000000000000246                __vector_2
                0x0000000000000246                __vector_21
                0x0000000000000246                __vector_15
                0x0000000000000246                __vector_66
                0x0000000000000246                __vector_36
                0x0000000000000246                __vector_79
                0x0000000000000246                __vector_58
                0x0000000000000246                __vector_70
                0x0000000000000246                __vector_83
                0x0000000000000246                __vector_29
                0x0000000000000246                __vector_60
                0x0000000000000246                __vector_121
                0x0000000000000246                __vector_40
                0x0000000000000246                __vector_85
                0x0000000000000246                __vector_94
                0x0000000000000246                __vector_8
                0x0000000000000246                __vector_26
                0x0000000000000246                __vector_48
                0x0000000000000246                __vector_116
                0x0000000000000246                __vector_112
                0x0000000000000246                __vector_111
                0x0000000000000246                __vector_80
                0x0000000000000246                __vector_14
                0x0000000000000246                __vector_84
                0x0000000000000246                __vector_57
                0x0000000000000246                __vector_53
                0x0000000000000246                __vector_10
                0x0000000000000246                __vector_50
                0x0000000000000246                __vector_16
                0x0000000000000246                __vector_59
                0x0000000000000246                __vector_18
                0x0000000000000246                __vector_97
                0x0000000000000246                __vector_20
                0x0000000000000246                __vector_42
                0x0000000000000246                __vector_87
                0x0000000000000246                __vector_65
                0x0000000000000246                __vector_120
                0x0000000000000248                . = ALIGN (0x2)
 *(.text.*)
 .text.startup._GLOBAL__sub_I__ZN10fixedpoint8fixcos16El
                0x0000000000000248       0x22 ./fixedpoint/fixed_func.o
 .text.__vector_1
                0x000000000000026a       0x32 ./main.o
                0x000000000000026a                __vector_1
 .text.startup.main
                0x000000000000029c       0x70 ./main.o
                0x000000000000029c                main
 .text._Znwj    0x000000000000030c        0x2 ./new.o
                0x000000000000030c                operator new(unsigned int)
 .text._ZdlPv   0x000000000000030e        0x2 ./new.o
                0x000000000000030e                operator delete(void*)
 .text.libgcc   0x0000000000000310        0x8 /opt/cross/avr/lib/gcc/avr/4.8.3/avrxmega6/libgcc.a(_tablejump_elpm.o)
                0x0000000000000310                __tablejump_elpm__
 .text.avr-libc
                0x0000000000000318      0x24e /opt/cross/avr/lib/gcc/avr/4.8.3/../../../../avr/lib/avrxmega6/libc.a(malloc.o)
                0x0000000000000318                malloc
                0x0000000000000448                free
                0x0000000000000566                . = ALIGN (0x2)
 *(.fini9)
 .fini9         0x0000000000000566        0x0 /opt/cross/avr/lib/gcc/avr/4.8.3/avrxmega6/libgcc.a(_exit.o)
                0x0000000000000566                exit
                0x0000000000000566                _exit
 *(.fini9)
 *(.fini8)
 *(.fini8)
 *(.fini7)
 *(.fini7)
 *(.fini6)
 *(.fini6)
 *(.fini5)
 *(.fini5)
 *(.fini4)
 *(.fini4)
 *(.fini3)
 *(.fini3)
 *(.fini2)
 *(.fini2)
 *(.fini1)
 *(.fini1)
 *(.fini0)
 .fini0         0x0000000000000566        0x4 /opt/cross/avr/lib/gcc/avr/4.8.3/avrxmega6/libgcc.a(_exit.o)
 *(.fini0)
                0x000000000000056a                _etext = .

.data           0x0000000000802000        0x6 load address 0x000000000000056a
                0x0000000000802000                PROVIDE (__data_start, .)
 *(.data)
 .data          0x0000000000802000        0x0 /opt/cross/avr/lib/gcc/avr/4.8.3/../../../../avr/lib/avrxmega6/crtx128a3.o
 .data          0x0000000000802000        0x0 ./fixedpoint/fixed_func.o
 .data          0x0000000000802000        0x0 ./main.o
 .data          0x0000000000802000        0x0 ./new.o
 .data          0x0000000000802000        0x0 /opt/cross/avr/lib/gcc/avr/4.8.3/avrxmega6/libgcc.a(_mulsidi3.o)
 .data          0x0000000000802000        0x0 /opt/cross/avr/lib/gcc/avr/4.8.3/avrxmega6/libgcc.a(_umulsidi3.o)
 .data          0x0000000000802000        0x0 /opt/cross/avr/lib/gcc/avr/4.8.3/avrxmega6/libgcc.a(_exit.o)
 .data          0x0000000000802000        0x0 /opt/cross/avr/lib/gcc/avr/4.8.3/avrxmega6/libgcc.a(_copy_data.o)
 .data          0x0000000000802000        0x0 /opt/cross/avr/lib/gcc/avr/4.8.3/avrxmega6/libgcc.a(_clear_bss.o)
 .data          0x0000000000802000        0x0 /opt/cross/avr/lib/gcc/avr/4.8.3/avrxmega6/libgcc.a(_ctors.o)
 .data          0x0000000000802000        0x0 /opt/cross/avr/lib/gcc/avr/4.8.3/avrxmega6/libgcc.a(_ashldi3.o)
 .data          0x0000000000802000        0x0 /opt/cross/avr/lib/gcc/avr/4.8.3/avrxmega6/libgcc.a(_ashrdi3.o)
 .data          0x0000000000802000        0x0 /opt/cross/avr/lib/gcc/avr/4.8.3/avrxmega6/libgcc.a(_subdi3.o)
 .data          0x0000000000802000        0x0 /opt/cross/avr/lib/gcc/avr/4.8.3/avrxmega6/libgcc.a(_umulhisi3.o)
 .data          0x0000000000802000        0x0 /opt/cross/avr/lib/gcc/avr/4.8.3/avrxmega6/libgcc.a(_muldi3_6.o)
 .data          0x0000000000802000        0x0 /opt/cross/avr/lib/gcc/avr/4.8.3/avrxmega6/libgcc.a(_tablejump_elpm.o)
 .data          0x0000000000802000        0x6 /opt/cross/avr/lib/gcc/avr/4.8.3/../../../../avr/lib/avrxmega6/libc.a(malloc.o)
                0x0000000000802000                __malloc_heap_end
                0x0000000000802002                __malloc_heap_start
                0x0000000000802004                __malloc_margin
 *(.data*)
 *(.rodata)
 *(.rodata*)
 *(.gnu.linkonce.d*)
                0x0000000000802006                . = ALIGN (0x2)
                0x0000000000802006                _edata = .
                0x0000000000802006                PROVIDE (__data_end, .)

.bss            0x0000000000802006        0xc
                0x0000000000802006                PROVIDE (__bss_start, .)
 *(.bss)
 *(.bss*)
 .bss._ZN10fixedpointL10FIX16_R2PIE
                0x0000000000802006        0x4 ./fixedpoint/fixed_func.o
 .bss._ZN10fixedpointL9FIX16_2PIE
                0x000000000080200a        0x4 ./fixedpoint/fixed_func.o
 *(COMMON)
 COMMON         0x000000000080200e        0x4 /opt/cross/avr/lib/gcc/avr/4.8.3/../../../../avr/lib/avrxmega6/libc.a(malloc.o)
                0x000000000080200e                __brkval
                0x0000000000802010                __flp
                0x0000000000802012                PROVIDE (__bss_end, .)
                0x000000000000056a                __data_load_start = LOADADDR (.data)
                0x0000000000000570                __data_load_end = (__data_load_start + SIZEOF (.data))

.noinit         0x0000000000802012        0x0
                0x0000000000802012                PROVIDE (__noinit_start, .)
 *(.noinit*)
                0x0000000000802012                PROVIDE (__noinit_end, .)
                0x0000000000802012                _end = .
                0x0000000000802012                PROVIDE (__heap_start, .)

.eeprom         0x0000000000810000        0x0
 *(.eeprom*)
                0x0000000000810000                __eeprom_end = .

.fuse
 *(.fuse)
 *(.lfuse)
 *(.hfuse)
 *(.efuse)

.lock
 *(.lock*)

.signature
 *(.signature*)

.stab           0x0000000000000000      0x6e4
 *(.stab)
 .stab          0x0000000000000000      0x6e4 /opt/cross/avr/lib/gcc/avr/4.8.3/../../../../avr/lib/avrxmega6/crtx128a3.o

.stabstr        0x0000000000000000       0x54
 *(.stabstr)
 .stabstr       0x0000000000000000       0x54 /opt/cross/avr/lib/gcc/avr/4.8.3/../../../../avr/lib/avrxmega6/crtx128a3.o

.stab.excl
 *(.stab.excl)

.stab.exclstr
 *(.stab.exclstr)

.stab.index
 *(.stab.index)

.stab.indexstr
 *(.stab.indexstr)

.comment        0x0000000000000000       0x11
 *(.comment)
 .comment       0x0000000000000000       0x11 ./fixedpoint/fixed_func.o
                                         0x12 (size before relaxing)
 .comment       0x0000000000000000       0x12 ./main.o
 .comment       0x0000000000000000       0x12 ./new.o
 .comment       0x0000000000000000       0x12 /opt/cross/avr/lib/gcc/avr/4.8.3/../../../../avr/lib/avrxmega6/libc.a(malloc.o)

.note.gnu.build-id
 *(.note.gnu.build-id)

.debug
 *(.debug)

.line
 *(.line)

.debug_srcinfo
 *(.debug_srcinfo)

.debug_sfnames
 *(.debug_sfnames)

.debug_aranges  0x0000000000000000      0x278
 *(.debug_aranges)
 .debug_aranges
                0x0000000000000000       0x50 ./fixedpoint/fixed_func.o
 .debug_aranges
                0x0000000000000050       0x28 ./main.o
 .debug_aranges
                0x0000000000000078       0x58 ./new.o
 .debug_aranges
                0x00000000000000d0       0x20 /opt/cross/avr/lib/gcc/avr/4.8.3/avrxmega6/libgcc.a(_mulsidi3.o)
 .debug_aranges
                0x00000000000000f0       0x20 /opt/cross/avr/lib/gcc/avr/4.8.3/avrxmega6/libgcc.a(_umulsidi3.o)
 .debug_aranges
                0x0000000000000110       0x20 /opt/cross/avr/lib/gcc/avr/4.8.3/avrxmega6/libgcc.a(_exit.o)
 .debug_aranges
                0x0000000000000130       0x20 /opt/cross/avr/lib/gcc/avr/4.8.3/avrxmega6/libgcc.a(_copy_data.o)
 .debug_aranges
                0x0000000000000150       0x20 /opt/cross/avr/lib/gcc/avr/4.8.3/avrxmega6/libgcc.a(_clear_bss.o)
 .debug_aranges
                0x0000000000000170       0x20 /opt/cross/avr/lib/gcc/avr/4.8.3/avrxmega6/libgcc.a(_ctors.o)
 .debug_aranges
                0x0000000000000190       0x20 /opt/cross/avr/lib/gcc/avr/4.8.3/avrxmega6/libgcc.a(_ashldi3.o)
 .debug_aranges
                0x00000000000001b0       0x20 /opt/cross/avr/lib/gcc/avr/4.8.3/avrxmega6/libgcc.a(_ashrdi3.o)
 .debug_aranges
                0x00000000000001d0       0x20 /opt/cross/avr/lib/gcc/avr/4.8.3/avrxmega6/libgcc.a(_subdi3.o)
 .debug_aranges
                0x00000000000001f0       0x20 /opt/cross/avr/lib/gcc/avr/4.8.3/avrxmega6/libgcc.a(_umulhisi3.o)
 .debug_aranges
                0x0000000000000210       0x20 /opt/cross/avr/lib/gcc/avr/4.8.3/avrxmega6/libgcc.a(_muldi3_6.o)
 .debug_aranges
                0x0000000000000230       0x20 /opt/cross/avr/lib/gcc/avr/4.8.3/avrxmega6/libgcc.a(_tablejump_elpm.o)
 .debug_aranges
                0x0000000000000250       0x28 /opt/cross/avr/lib/gcc/avr/4.8.3/../../../../avr/lib/avrxmega6/libc.a(malloc.o)

.debug_pubnames
 *(.debug_pubnames)

.debug_info     0x0000000000000000     0x2808
 *(.debug_info .gnu.linkonce.wi.*)
 .debug_info    0x0000000000000000      0xe89 ./fixedpoint/fixed_func.o
 .debug_info    0x0000000000000e89      0xe70 ./main.o
 .debug_info    0x0000000000001cf9      0x208 ./new.o
 .debug_info    0x0000000000001f01       0x93 /opt/cross/avr/lib/gcc/avr/4.8.3/avrxmega6/libgcc.a(_mulsidi3.o)
 .debug_info    0x0000000000001f94       0x93 /opt/cross/avr/lib/gcc/avr/4.8.3/avrxmega6/libgcc.a(_umulsidi3.o)
 .debug_info    0x0000000000002027       0x93 /opt/cross/avr/lib/gcc/avr/4.8.3/avrxmega6/libgcc.a(_exit.o)
 .debug_info    0x00000000000020ba       0x93 /opt/cross/avr/lib/gcc/avr/4.8.3/avrxmega6/libgcc.a(_copy_data.o)
 .debug_info    0x000000000000214d       0x93 /opt/cross/avr/lib/gcc/avr/4.8.3/avrxmega6/libgcc.a(_clear_bss.o)
 .debug_info    0x00000000000021e0       0x93 /opt/cross/avr/lib/gcc/avr/4.8.3/avrxmega6/libgcc.a(_ctors.o)
 .debug_info    0x0000000000002273       0x93 /opt/cross/avr/lib/gcc/avr/4.8.3/avrxmega6/libgcc.a(_ashldi3.o)
 .debug_info    0x0000000000002306       0x93 /opt/cross/avr/lib/gcc/avr/4.8.3/avrxmega6/libgcc.a(_ashrdi3.o)
 .debug_info    0x0000000000002399       0x93 /opt/cross/avr/lib/gcc/avr/4.8.3/avrxmega6/libgcc.a(_subdi3.o)
 .debug_info    0x000000000000242c       0x93 /opt/cross/avr/lib/gcc/avr/4.8.3/avrxmega6/libgcc.a(_umulhisi3.o)
 .debug_info    0x00000000000024bf       0x93 /opt/cross/avr/lib/gcc/avr/4.8.3/avrxmega6/libgcc.a(_muldi3_6.o)
 .debug_info    0x0000000000002552       0x93 /opt/cross/avr/lib/gcc/avr/4.8.3/avrxmega6/libgcc.a(_tablejump_elpm.o)
 .debug_info    0x00000000000025e5      0x223 /opt/cross/avr/lib/gcc/avr/4.8.3/../../../../avr/lib/avrxmega6/libc.a(malloc.o)

.debug_abbrev   0x0000000000000000      0x83c
 *(.debug_abbrev)
 .debug_abbrev  0x0000000000000000      0x228 ./fixedpoint/fixed_func.o
 .debug_abbrev  0x0000000000000228      0x2fc ./main.o
 .debug_abbrev  0x0000000000000524      0x13e ./new.o
 .debug_abbrev  0x0000000000000662       0x14 /opt/cross/avr/lib/gcc/avr/4.8.3/avrxmega6/libgcc.a(_mulsidi3.o)
 .debug_abbrev  0x0000000000000676       0x14 /opt/cross/avr/lib/gcc/avr/4.8.3/avrxmega6/libgcc.a(_umulsidi3.o)
 .debug_abbrev  0x000000000000068a       0x14 /opt/cross/avr/lib/gcc/avr/4.8.3/avrxmega6/libgcc.a(_exit.o)
 .debug_abbrev  0x000000000000069e       0x14 /opt/cross/avr/lib/gcc/avr/4.8.3/avrxmega6/libgcc.a(_copy_data.o)
 .debug_abbrev  0x00000000000006b2       0x14 /opt/cross/avr/lib/gcc/avr/4.8.3/avrxmega6/libgcc.a(_clear_bss.o)
 .debug_abbrev  0x00000000000006c6       0x14 /opt/cross/avr/lib/gcc/avr/4.8.3/avrxmega6/libgcc.a(_ctors.o)
 .debug_abbrev  0x00000000000006da       0x14 /opt/cross/avr/lib/gcc/avr/4.8.3/avrxmega6/libgcc.a(_ashldi3.o)
 .debug_abbrev  0x00000000000006ee       0x14 /opt/cross/avr/lib/gcc/avr/4.8.3/avrxmega6/libgcc.a(_ashrdi3.o)
 .debug_abbrev  0x0000000000000702       0x14 /opt/cross/avr/lib/gcc/avr/4.8.3/avrxmega6/libgcc.a(_subdi3.o)
 .debug_abbrev  0x0000000000000716       0x14 /opt/cross/avr/lib/gcc/avr/4.8.3/avrxmega6/libgcc.a(_umulhisi3.o)
 .debug_abbrev  0x000000000000072a       0x14 /opt/cross/avr/lib/gcc/avr/4.8.3/avrxmega6/libgcc.a(_muldi3_6.o)
 .debug_abbrev  0x000000000000073e       0x14 /opt/cross/avr/lib/gcc/avr/4.8.3/avrxmega6/libgcc.a(_tablejump_elpm.o)
 .debug_abbrev  0x0000000000000752       0xea /opt/cross/avr/lib/gcc/avr/4.8.3/../../../../avr/lib/avrxmega6/libc.a(malloc.o)

.debug_line     0x0000000000000000      0xa90
 *(.debug_line .debug_line.* .debug_line_end)
 .debug_line    0x0000000000000000      0x1cd ./fixedpoint/fixed_func.o
 .debug_line    0x00000000000001cd      0x143 ./main.o
 .debug_line    0x0000000000000310      0x10e ./new.o
 .debug_line    0x000000000000041e       0x70 /opt/cross/avr/lib/gcc/avr/4.8.3/avrxmega6/libgcc.a(_mulsidi3.o)
 .debug_line    0x000000000000048e       0x82 /opt/cross/avr/lib/gcc/avr/4.8.3/avrxmega6/libgcc.a(_umulsidi3.o)
 .debug_line    0x0000000000000510       0x65 /opt/cross/avr/lib/gcc/avr/4.8.3/avrxmega6/libgcc.a(_exit.o)
 .debug_line    0x0000000000000575       0x70 /opt/cross/avr/lib/gcc/avr/4.8.3/avrxmega6/libgcc.a(_copy_data.o)
 .debug_line    0x00000000000005e5       0x6b /opt/cross/avr/lib/gcc/avr/4.8.3/avrxmega6/libgcc.a(_clear_bss.o)
 .debug_line    0x0000000000000650       0x72 /opt/cross/avr/lib/gcc/avr/4.8.3/avrxmega6/libgcc.a(_ctors.o)
 .debug_line    0x00000000000006c2       0x7c /opt/cross/avr/lib/gcc/avr/4.8.3/avrxmega6/libgcc.a(_ashldi3.o)
 .debug_line    0x000000000000073e       0x81 /opt/cross/avr/lib/gcc/avr/4.8.3/avrxmega6/libgcc.a(_ashrdi3.o)
 .debug_line    0x00000000000007bf       0x66 /opt/cross/avr/lib/gcc/avr/4.8.3/avrxmega6/libgcc.a(_subdi3.o)
 .debug_line    0x0000000000000825       0x72 /opt/cross/avr/lib/gcc/avr/4.8.3/avrxmega6/libgcc.a(_umulhisi3.o)
 .debug_line    0x0000000000000897       0x6b /opt/cross/avr/lib/gcc/avr/4.8.3/avrxmega6/libgcc.a(_muldi3_6.o)
 .debug_line    0x0000000000000902       0x67 /opt/cross/avr/lib/gcc/avr/4.8.3/avrxmega6/libgcc.a(_tablejump_elpm.o)
 .debug_line    0x0000000000000969      0x127 /opt/cross/avr/lib/gcc/avr/4.8.3/../../../../avr/lib/avrxmega6/libc.a(malloc.o)

.debug_frame    0x0000000000000000      0x2f0
 *(.debug_frame)
 .debug_frame   0x0000000000000000      0x1c0 ./fixedpoint/fixed_func.o
 .debug_frame   0x00000000000001c0       0x50 ./main.o
 .debug_frame   0x0000000000000210       0x94 ./new.o
 .debug_frame   0x00000000000002a4       0x4c /opt/cross/avr/lib/gcc/avr/4.8.3/../../../../avr/lib/avrxmega6/libc.a(malloc.o)

.debug_str      0x0000000000000000     0x10a4
 *(.debug_str)
 .debug_str     0x0000000000000000      0x356 ./fixedpoint/fixed_func.o
                                        0x3b5 (size before relaxing)
 .debug_str     0x0000000000000356      0xb9a ./main.o
                                        0xd48 (size before relaxing)
 .debug_str     0x0000000000000ef0       0xa1 ./new.o
                                        0x1f8 (size before relaxing)
 .debug_str     0x0000000000000f91      0x113 /opt/cross/avr/lib/gcc/avr/4.8.3/../../../../avr/lib/avrxmega6/libc.a(malloc.o)
                                        0x19b (size before relaxing)

.debug_loc      0x0000000000000000      0xc98
 *(.debug_loc)
 .debug_loc     0x0000000000000000      0x738 ./fixedpoint/fixed_func.o
 .debug_loc     0x0000000000000738       0x18 ./main.o
 .debug_loc     0x0000000000000750       0xc0 ./new.o
 .debug_loc     0x0000000000000810      0x488 /opt/cross/avr/lib/gcc/avr/4.8.3/../../../../avr/lib/avrxmega6/libc.a(malloc.o)

.debug_macinfo
 *(.debug_macinfo)

.debug_weaknames
 *(.debug_weaknames)

.debug_funcnames
 *(.debug_funcnames)

.debug_typenames
 *(.debug_typenames)

.debug_varnames
 *(.debug_varnames)

.debug_pubtypes
 *(.debug_pubtypes)

.debug_ranges   0x0000000000000000      0x100
 *(.debug_ranges)
 .debug_ranges  0x0000000000000000       0x88 ./fixedpoint/fixed_func.o
 .debug_ranges  0x0000000000000088       0x18 ./main.o
 .debug_ranges  0x00000000000000a0       0x48 ./new.o
 .debug_ranges  0x00000000000000e8       0x18 /opt/cross/avr/lib/gcc/avr/4.8.3/../../../../avr/lib/avrxmega6/libc.a(malloc.o)

.debug_macro
 *(.debug_macro)
OUTPUT(Ladowarka_aku.elf elf32-avr)
LOAD linker stubs

Cross Reference Table

Symbol                                            File
__ashldi3                                         /opt/cross/avr/lib/gcc/avr/4.8.3/avrxmega6/libgcc.a(_ashldi3.o)
                                                  ./fixedpoint/fixed_func.o
__ashrdi3                                         /opt/cross/avr/lib/gcc/avr/4.8.3/avrxmega6/libgcc.a(_ashrdi3.o)
                                                  ./fixedpoint/fixed_func.o
__bad_interrupt                                   /opt/cross/avr/lib/gcc/avr/4.8.3/../../../../avr/lib/avrxmega6/crtx128a3.o
__brkval                                          /opt/cross/avr/lib/gcc/avr/4.8.3/../../../../avr/lib/avrxmega6/libc.a(malloc.o)
__bss_end                                         /opt/cross/avr/lib/gcc/avr/4.8.3/avrxmega6/libgcc.a(_clear_bss.o)
__bss_start                                       /opt/cross/avr/lib/gcc/avr/4.8.3/avrxmega6/libgcc.a(_clear_bss.o)
__ctors_end                                       /opt/cross/avr/lib/gcc/avr/4.8.3/avrxmega6/libgcc.a(_ctors.o)
__ctors_start                                     /opt/cross/avr/lib/gcc/avr/4.8.3/avrxmega6/libgcc.a(_ctors.o)
__cxa_guard_abort                                 ./new.o
__cxa_guard_acquire                               ./new.o
__cxa_guard_release                               ./new.o
__cxa_pure_virtual                                ./new.o
__data_end                                        /opt/cross/avr/lib/gcc/avr/4.8.3/avrxmega6/libgcc.a(_copy_data.o)
__data_load_start                                 /opt/cross/avr/lib/gcc/avr/4.8.3/avrxmega6/libgcc.a(_copy_data.o)
__data_start                                      /opt/cross/avr/lib/gcc/avr/4.8.3/avrxmega6/libgcc.a(_copy_data.o)
__do_clear_bss                                    /opt/cross/avr/lib/gcc/avr/4.8.3/avrxmega6/libgcc.a(_clear_bss.o)
                                                  /opt/cross/avr/lib/gcc/avr/4.8.3/../../../../avr/lib/avrxmega6/libc.a(malloc.o)
                                                  ./fixedpoint/fixed_func.o
__do_copy_data                                    /opt/cross/avr/lib/gcc/avr/4.8.3/avrxmega6/libgcc.a(_copy_data.o)
                                                  /opt/cross/avr/lib/gcc/avr/4.8.3/../../../../avr/lib/avrxmega6/libc.a(malloc.o)
                                                  ./fixedpoint/fixed_func.o
__do_global_ctors                                 /opt/cross/avr/lib/gcc/avr/4.8.3/avrxmega6/libgcc.a(_ctors.o)
                                                  ./fixedpoint/fixed_func.o
__flp                                             /opt/cross/avr/lib/gcc/avr/4.8.3/../../../../avr/lib/avrxmega6/libc.a(malloc.o)
__heap_end                                        /opt/cross/avr/lib/gcc/avr/4.8.3/../../../../avr/lib/avrxmega6/crtx128a3.o
                                                  /opt/cross/avr/lib/gcc/avr/4.8.3/../../../../avr/lib/avrxmega6/libc.a(malloc.o)
__heap_start                                      /opt/cross/avr/lib/gcc/avr/4.8.3/../../../../avr/lib/avrxmega6/libc.a(malloc.o)
__init                                            /opt/cross/avr/lib/gcc/avr/4.8.3/../../../../avr/lib/avrxmega6/crtx128a3.o
__lshrdi3                                         /opt/cross/avr/lib/gcc/avr/4.8.3/avrxmega6/libgcc.a(_ashrdi3.o)
__malloc_heap_end                                 /opt/cross/avr/lib/gcc/avr/4.8.3/../../../../avr/lib/avrxmega6/libc.a(malloc.o)
__malloc_heap_start                               /opt/cross/avr/lib/gcc/avr/4.8.3/../../../../avr/lib/avrxmega6/libc.a(malloc.o)
__malloc_margin                                   /opt/cross/avr/lib/gcc/avr/4.8.3/../../../../avr/lib/avrxmega6/libc.a(malloc.o)
__muldi3_6                                        /opt/cross/avr/lib/gcc/avr/4.8.3/avrxmega6/libgcc.a(_muldi3_6.o)
                                                  /opt/cross/avr/lib/gcc/avr/4.8.3/avrxmega6/libgcc.a(_umulsidi3.o)
__mulsidi3                                        /opt/cross/avr/lib/gcc/avr/4.8.3/avrxmega6/libgcc.a(_mulsidi3.o)
                                                  ./fixedpoint/fixed_func.o
__stack                                           /opt/cross/avr/lib/gcc/avr/4.8.3/../../../../avr/lib/avrxmega6/crtx128a3.o
__subdi3                                          /opt/cross/avr/lib/gcc/avr/4.8.3/avrxmega6/libgcc.a(_subdi3.o)
                                                  ./fixedpoint/fixed_func.o
__tablejump_elpm__                                /opt/cross/avr/lib/gcc/avr/4.8.3/avrxmega6/libgcc.a(_tablejump_elpm.o)
                                                  /opt/cross/avr/lib/gcc/avr/4.8.3/avrxmega6/libgcc.a(_ctors.o)
__umulhisi3                                       /opt/cross/avr/lib/gcc/avr/4.8.3/avrxmega6/libgcc.a(_umulhisi3.o)
                                                  /opt/cross/avr/lib/gcc/avr/4.8.3/avrxmega6/libgcc.a(_muldi3_6.o)
                                                  /opt/cross/avr/lib/gcc/avr/4.8.3/avrxmega6/libgcc.a(_umulsidi3.o)
__umulsidi3                                       /opt/cross/avr/lib/gcc/avr/4.8.3/avrxmega6/libgcc.a(_umulsidi3.o)
__umulsidi3_helper                                /opt/cross/avr/lib/gcc/avr/4.8.3/avrxmega6/libgcc.a(_umulsidi3.o)
                                                  /opt/cross/avr/lib/gcc/avr/4.8.3/avrxmega6/libgcc.a(_mulsidi3.o)
__vector_1                                        ./main.o
                                                  /opt/cross/avr/lib/gcc/avr/4.8.3/../../../../avr/lib/avrxmega6/crtx128a3.o
__vector_10                                       /opt/cross/avr/lib/gcc/avr/4.8.3/../../../../avr/lib/avrxmega6/crtx128a3.o
__vector_100                                      /opt/cross/avr/lib/gcc/avr/4.8.3/../../../../avr/lib/avrxmega6/crtx128a3.o
__vector_101                                      /opt/cross/avr/lib/gcc/avr/4.8.3/../../../../avr/lib/avrxmega6/crtx128a3.o
__vector_102                                      /opt/cross/avr/lib/gcc/avr/4.8.3/../../../../avr/lib/avrxmega6/crtx128a3.o
__vector_103                                      /opt/cross/avr/lib/gcc/avr/4.8.3/../../../../avr/lib/avrxmega6/crtx128a3.o
__vector_104                                      /opt/cross/avr/lib/gcc/avr/4.8.3/../../../../avr/lib/avrxmega6/crtx128a3.o
__vector_105                                      /opt/cross/avr/lib/gcc/avr/4.8.3/../../../../avr/lib/avrxmega6/crtx128a3.o
__vector_106                                      /opt/cross/avr/lib/gcc/avr/4.8.3/../../../../avr/lib/avrxmega6/crtx128a3.o
__vector_107                                      /opt/cross/avr/lib/gcc/avr/4.8.3/../../../../avr/lib/avrxmega6/crtx128a3.o
__vector_108                                      /opt/cross/avr/lib/gcc/avr/4.8.3/../../../../avr/lib/avrxmega6/crtx128a3.o
__vector_109                                      /opt/cross/avr/lib/gcc/avr/4.8.3/../../../../avr/lib/avrxmega6/crtx128a3.o
__vector_11                                       /opt/cross/avr/lib/gcc/avr/4.8.3/../../../../avr/lib/avrxmega6/crtx128a3.o
__vector_110                                      /opt/cross/avr/lib/gcc/avr/4.8.3/../../../../avr/lib/avrxmega6/crtx128a3.o
__vector_111                                      /opt/cross/avr/lib/gcc/avr/4.8.3/../../../../avr/lib/avrxmega6/crtx128a3.o
__vector_112                                      /opt/cross/avr/lib/gcc/avr/4.8.3/../../../../avr/lib/avrxmega6/crtx128a3.o
__vector_113                                      /opt/cross/avr/lib/gcc/avr/4.8.3/../../../../avr/lib/avrxmega6/crtx128a3.o
__vector_114                                      /opt/cross/avr/lib/gcc/avr/4.8.3/../../../../avr/lib/avrxmega6/crtx128a3.o
__vector_115                                      /opt/cross/avr/lib/gcc/avr/4.8.3/../../../../avr/lib/avrxmega6/crtx128a3.o
__vector_116                                      /opt/cross/avr/lib/gcc/avr/4.8.3/../../../../avr/lib/avrxmega6/crtx128a3.o
__vector_117                                      /opt/cross/avr/lib/gcc/avr/4.8.3/../../../../avr/lib/avrxmega6/crtx128a3.o
__vector_118                                      /opt/cross/avr/lib/gcc/avr/4.8.3/../../../../avr/lib/avrxmega6/crtx128a3.o
__vector_119                                      /opt/cross/avr/lib/gcc/avr/4.8.3/../../../../avr/lib/avrxmega6/crtx128a3.o
__vector_12                                       /opt/cross/avr/lib/gcc/avr/4.8.3/../../../../avr/lib/avrxmega6/crtx128a3.o
__vector_120                                      /opt/cross/avr/lib/gcc/avr/4.8.3/../../../../avr/lib/avrxmega6/crtx128a3.o
__vector_121                                      /opt/cross/avr/lib/gcc/avr/4.8.3/../../../../avr/lib/avrxmega6/crtx128a3.o
__vector_13                                       /opt/cross/avr/lib/gcc/avr/4.8.3/../../../../avr/lib/avrxmega6/crtx128a3.o
__vector_14                                       /opt/cross/avr/lib/gcc/avr/4.8.3/../../../../avr/lib/avrxmega6/crtx128a3.o
__vector_15                                       /opt/cross/avr/lib/gcc/avr/4.8.3/../../../../avr/lib/avrxmega6/crtx128a3.o
__vector_16                                       /opt/cross/avr/lib/gcc/avr/4.8.3/../../../../avr/lib/avrxmega6/crtx128a3.o
__vector_17                                       /opt/cross/avr/lib/gcc/avr/4.8.3/../../../../avr/lib/avrxmega6/crtx128a3.o
__vector_18                                       /opt/cross/avr/lib/gcc/avr/4.8.3/../../../../avr/lib/avrxmega6/crtx128a3.o
__vector_19                                       /opt/cross/avr/lib/gcc/avr/4.8.3/../../../../avr/lib/avrxmega6/crtx128a3.o
__vector_2                                        /opt/cross/avr/lib/gcc/avr/4.8.3/../../../../avr/lib/avrxmega6/crtx128a3.o
__vector_20                                       /opt/cross/avr/lib/gcc/avr/4.8.3/../../../../avr/lib/avrxmega6/crtx128a3.o
__vector_21                                       /opt/cross/avr/lib/gcc/avr/4.8.3/../../../../avr/lib/avrxmega6/crtx128a3.o
__vector_22                                       /opt/cross/avr/lib/gcc/avr/4.8.3/../../../../avr/lib/avrxmega6/crtx128a3.o
__vector_23                                       /opt/cross/avr/lib/gcc/avr/4.8.3/../../../../avr/lib/avrxmega6/crtx128a3.o
__vector_24                                       /opt/cross/avr/lib/gcc/avr/4.8.3/../../../../avr/lib/avrxmega6/crtx128a3.o
__vector_25                                       /opt/cross/avr/lib/gcc/avr/4.8.3/../../../../avr/lib/avrxmega6/crtx128a3.o
__vector_26                                       /opt/cross/avr/lib/gcc/avr/4.8.3/../../../../avr/lib/avrxmega6/crtx128a3.o
__vector_27                                       /opt/cross/avr/lib/gcc/avr/4.8.3/../../../../avr/lib/avrxmega6/crtx128a3.o
__vector_28                                       /opt/cross/avr/lib/gcc/avr/4.8.3/../../../../avr/lib/avrxmega6/crtx128a3.o
__vector_29                                       /opt/cross/avr/lib/gcc/avr/4.8.3/../../../../avr/lib/avrxmega6/crtx128a3.o
__vector_3                                        /opt/cross/avr/lib/gcc/avr/4.8.3/../../../../avr/lib/avrxmega6/crtx128a3.o
__vector_30                                       /opt/cross/avr/lib/gcc/avr/4.8.3/../../../../avr/lib/avrxmega6/crtx128a3.o
__vector_31                                       /opt/cross/avr/lib/gcc/avr/4.8.3/../../../../avr/lib/avrxmega6/crtx128a3.o
__vector_32                                       /opt/cross/avr/lib/gcc/avr/4.8.3/../../../../avr/lib/avrxmega6/crtx128a3.o
__vector_33                                       /opt/cross/avr/lib/gcc/avr/4.8.3/../../../../avr/lib/avrxmega6/crtx128a3.o
__vector_34                                       /opt/cross/avr/lib/gcc/avr/4.8.3/../../../../avr/lib/avrxmega6/crtx128a3.o
__vector_35                                       /opt/cross/avr/lib/gcc/avr/4.8.3/../../../../avr/lib/avrxmega6/crtx128a3.o
__vector_36                                       /opt/cross/avr/lib/gcc/avr/4.8.3/../../../../avr/lib/avrxmega6/crtx128a3.o
__vector_37                                       /opt/cross/avr/lib/gcc/avr/4.8.3/../../../../avr/lib/avrxmega6/crtx128a3.o
__vector_38                                       /opt/cross/avr/lib/gcc/avr/4.8.3/../../../../avr/lib/avrxmega6/crtx128a3.o
__vector_39                                       /opt/cross/avr/lib/gcc/avr/4.8.3/../../../../avr/lib/avrxmega6/crtx128a3.o
__vector_4                                        /opt/cross/avr/lib/gcc/avr/4.8.3/../../../../avr/lib/avrxmega6/crtx128a3.o
__vector_40                                       /opt/cross/avr/lib/gcc/avr/4.8.3/../../../../avr/lib/avrxmega6/crtx128a3.o
__vector_41                                       /opt/cross/avr/lib/gcc/avr/4.8.3/../../../../avr/lib/avrxmega6/crtx128a3.o
__vector_42                                       /opt/cross/avr/lib/gcc/avr/4.8.3/../../../../avr/lib/avrxmega6/crtx128a3.o
__vector_43                                       /opt/cross/avr/lib/gcc/avr/4.8.3/../../../../avr/lib/avrxmega6/crtx128a3.o
__vector_44                                       /opt/cross/avr/lib/gcc/avr/4.8.3/../../../../avr/lib/avrxmega6/crtx128a3.o
__vector_45                                       /opt/cross/avr/lib/gcc/avr/4.8.3/../../../../avr/lib/avrxmega6/crtx128a3.o
__vector_46                                       /opt/cross/avr/lib/gcc/avr/4.8.3/../../../../avr/lib/avrxmega6/crtx128a3.o
__vector_47                                       /opt/cross/avr/lib/gcc/avr/4.8.3/../../../../avr/lib/avrxmega6/crtx128a3.o
__vector_48                                       /opt/cross/avr/lib/gcc/avr/4.8.3/../../../../avr/lib/avrxmega6/crtx128a3.o
__vector_49                                       /opt/cross/avr/lib/gcc/avr/4.8.3/../../../../avr/lib/avrxmega6/crtx128a3.o
__vector_5                                        /opt/cross/avr/lib/gcc/avr/4.8.3/../../../../avr/lib/avrxmega6/crtx128a3.o
__vector_50                                       /opt/cross/avr/lib/gcc/avr/4.8.3/../../../../avr/lib/avrxmega6/crtx128a3.o
__vector_51                                       /opt/cross/avr/lib/gcc/avr/4.8.3/../../../../avr/lib/avrxmega6/crtx128a3.o
__vector_52                                       /opt/cross/avr/lib/gcc/avr/4.8.3/../../../../avr/lib/avrxmega6/crtx128a3.o
__vector_53                                       /opt/cross/avr/lib/gcc/avr/4.8.3/../../../../avr/lib/avrxmega6/crtx128a3.o
__vector_54                                       /opt/cross/avr/lib/gcc/avr/4.8.3/../../../../avr/lib/avrxmega6/crtx128a3.o
__vector_55                                       /opt/cross/avr/lib/gcc/avr/4.8.3/../../../../avr/lib/avrxmega6/crtx128a3.o
__vector_56                                       /opt/cross/avr/lib/gcc/avr/4.8.3/../../../../avr/lib/avrxmega6/crtx128a3.o
__vector_57                                       /opt/cross/avr/lib/gcc/avr/4.8.3/../../../../avr/lib/avrxmega6/crtx128a3.o
__vector_58                                       /opt/cross/avr/lib/gcc/avr/4.8.3/../../../../avr/lib/avrxmega6/crtx128a3.o
__vector_59                                       /opt/cross/avr/lib/gcc/avr/4.8.3/../../../../avr/lib/avrxmega6/crtx128a3.o
__vector_6                                        /opt/cross/avr/lib/gcc/avr/4.8.3/../../../../avr/lib/avrxmega6/crtx128a3.o
__vector_60                                       /opt/cross/avr/lib/gcc/avr/4.8.3/../../../../avr/lib/avrxmega6/crtx128a3.o
__vector_61                                       /opt/cross/avr/lib/gcc/avr/4.8.3/../../../../avr/lib/avrxmega6/crtx128a3.o
__vector_62                                       /opt/cross/avr/lib/gcc/avr/4.8.3/../../../../avr/lib/avrxmega6/crtx128a3.o
__vector_63                                       /opt/cross/avr/lib/gcc/avr/4.8.3/../../../../avr/lib/avrxmega6/crtx128a3.o
__vector_64                                       /opt/cross/avr/lib/gcc/avr/4.8.3/../../../../avr/lib/avrxmega6/crtx128a3.o
__vector_65                                       /opt/cross/avr/lib/gcc/avr/4.8.3/../../../../avr/lib/avrxmega6/crtx128a3.o
__vector_66                                       /opt/cross/avr/lib/gcc/avr/4.8.3/../../../../avr/lib/avrxmega6/crtx128a3.o
__vector_67                                       /opt/cross/avr/lib/gcc/avr/4.8.3/../../../../avr/lib/avrxmega6/crtx128a3.o
__vector_68                                       /opt/cross/avr/lib/gcc/avr/4.8.3/../../../../avr/lib/avrxmega6/crtx128a3.o
__vector_69                                       /opt/cross/avr/lib/gcc/avr/4.8.3/../../../../avr/lib/avrxmega6/crtx128a3.o
__vector_7                                        /opt/cross/avr/lib/gcc/avr/4.8.3/../../../../avr/lib/avrxmega6/crtx128a3.o
__vector_70                                       /opt/cross/avr/lib/gcc/avr/4.8.3/../../../../avr/lib/avrxmega6/crtx128a3.o
__vector_71                                       /opt/cross/avr/lib/gcc/avr/4.8.3/../../../../avr/lib/avrxmega6/crtx128a3.o
__vector_72                                       /opt/cross/avr/lib/gcc/avr/4.8.3/../../../../avr/lib/avrxmega6/crtx128a3.o
__vector_73                                       /opt/cross/avr/lib/gcc/avr/4.8.3/../../../../avr/lib/avrxmega6/crtx128a3.o
__vector_74                                       /opt/cross/avr/lib/gcc/avr/4.8.3/../../../../avr/lib/avrxmega6/crtx128a3.o
__vector_75                                       /opt/cross/avr/lib/gcc/avr/4.8.3/../../../../avr/lib/avrxmega6/crtx128a3.o
__vector_76                                       /opt/cross/avr/lib/gcc/avr/4.8.3/../../../../avr/lib/avrxmega6/crtx128a3.o
__vector_77                                       /opt/cross/avr/lib/gcc/avr/4.8.3/../../../../avr/lib/avrxmega6/crtx128a3.o
__vector_78                                       /opt/cross/avr/lib/gcc/avr/4.8.3/../../../../avr/lib/avrxmega6/crtx128a3.o
__vector_79                                       /opt/cross/avr/lib/gcc/avr/4.8.3/../../../../avr/lib/avrxmega6/crtx128a3.o
__vector_8                                        /opt/cross/avr/lib/gcc/avr/4.8.3/../../../../avr/lib/avrxmega6/crtx128a3.o
__vector_80                                       /opt/cross/avr/lib/gcc/avr/4.8.3/../../../../avr/lib/avrxmega6/crtx128a3.o
__vector_81                                       /opt/cross/avr/lib/gcc/avr/4.8.3/../../../../avr/lib/avrxmega6/crtx128a3.o
__vector_82                                       /opt/cross/avr/lib/gcc/avr/4.8.3/../../../../avr/lib/avrxmega6/crtx128a3.o
__vector_83                                       /opt/cross/avr/lib/gcc/avr/4.8.3/../../../../avr/lib/avrxmega6/crtx128a3.o
__vector_84                                       /opt/cross/avr/lib/gcc/avr/4.8.3/../../../../avr/lib/avrxmega6/crtx128a3.o
__vector_85                                       /opt/cross/avr/lib/gcc/avr/4.8.3/../../../../avr/lib/avrxmega6/crtx128a3.o
__vector_86                                       /opt/cross/avr/lib/gcc/avr/4.8.3/../../../../avr/lib/avrxmega6/crtx128a3.o
__vector_87                                       /opt/cross/avr/lib/gcc/avr/4.8.3/../../../../avr/lib/avrxmega6/crtx128a3.o
__vector_88                                       /opt/cross/avr/lib/gcc/avr/4.8.3/../../../../avr/lib/avrxmega6/crtx128a3.o
__vector_89                                       /opt/cross/avr/lib/gcc/avr/4.8.3/../../../../avr/lib/avrxmega6/crtx128a3.o
__vector_9                                        /opt/cross/avr/lib/gcc/avr/4.8.3/../../../../avr/lib/avrxmega6/crtx128a3.o
__vector_90                                       /opt/cross/avr/lib/gcc/avr/4.8.3/../../../../avr/lib/avrxmega6/crtx128a3.o
__vector_91                                       /opt/cross/avr/lib/gcc/avr/4.8.3/../../../../avr/lib/avrxmega6/crtx128a3.o
__vector_92                                       /opt/cross/avr/lib/gcc/avr/4.8.3/../../../../avr/lib/avrxmega6/crtx128a3.o
__vector_93                                       /opt/cross/avr/lib/gcc/avr/4.8.3/../../../../avr/lib/avrxmega6/crtx128a3.o
__vector_94                                       /opt/cross/avr/lib/gcc/avr/4.8.3/../../../../avr/lib/avrxmega6/crtx128a3.o
__vector_95                                       /opt/cross/avr/lib/gcc/avr/4.8.3/../../../../avr/lib/avrxmega6/crtx128a3.o
__vector_96                                       /opt/cross/avr/lib/gcc/avr/4.8.3/../../../../avr/lib/avrxmega6/crtx128a3.o
__vector_97                                       /opt/cross/avr/lib/gcc/avr/4.8.3/../../../../avr/lib/avrxmega6/crtx128a3.o
__vector_98                                       /opt/cross/avr/lib/gcc/avr/4.8.3/../../../../avr/lib/avrxmega6/crtx128a3.o
__vector_99                                       /opt/cross/avr/lib/gcc/avr/4.8.3/../../../../avr/lib/avrxmega6/crtx128a3.o
__vector_default                                  /opt/cross/avr/lib/gcc/avr/4.8.3/../../../../avr/lib/avrxmega6/crtx128a3.o
__vectors                                         /opt/cross/avr/lib/gcc/avr/4.8.3/../../../../avr/lib/avrxmega6/crtx128a3.o
_exit                                             /opt/cross/avr/lib/gcc/avr/4.8.3/avrxmega6/libgcc.a(_exit.o)
exit                                              /opt/cross/avr/lib/gcc/avr/4.8.3/avrxmega6/libgcc.a(_exit.o)
                                                  /opt/cross/avr/lib/gcc/avr/4.8.3/../../../../avr/lib/avrxmega6/crtx128a3.o
fixedpoint::detail::CountLeadingZeros(unsigned long) ./fixedpoint/fixed_func.o
fixedpoint::fixcos16(long)                        ./fixedpoint/fixed_func.o
fixedpoint::fixrsqrt16(long)                      ./fixedpoint/fixed_func.o
fixedpoint::fixsin16(long)                        ./fixedpoint/fixed_func.o
fixedpoint::fixsqrt16(long)                       ./fixedpoint/fixed_func.o
free                                              /opt/cross/avr/lib/gcc/avr/4.8.3/../../../../avr/lib/avrxmega6/libc.a(malloc.o)
                                                  ./new.o
int fixedpoint::fixinv<16>(long)                  ./fixedpoint/fixed_func.o
int fixedpoint::fixinv<16>(long)::rcp_tab         ./fixedpoint/fixed_func.o
main                                              ./main.o
                                                  /opt/cross/avr/lib/gcc/avr/4.8.3/../../../../avr/lib/avrxmega6/crtx128a3.o
malloc                                            /opt/cross/avr/lib/gcc/avr/4.8.3/../../../../avr/lib/avrxmega6/libc.a(malloc.o)
                                                  ./new.o
operator delete(void*)                            ./new.o
                                                  ./main.o
operator delete[](void*)                          ./new.o
operator new(unsigned int)                        ./new.o
                                                  ./main.o
operator new[](unsigned int)                      ./new.o
